// Jest Snapshot v1, https://goo.gl/fbAQLP

exports[`Header Should render Header with title of Test recorder 1`] = `
<div
  id="header"
>
  <h1
    id="title"
  >
    Test recorder
  </h1>
  <Component
    shouldInfoDisplay={false}
    toggleInfoDisplay={[MockFunction]}
  />
</div>
`;
